Tue, 30 Oct 2018 13:03:11 tf_logging.py[line:116] INFO Restoring parameters from check_point/train.ckpt-49
Tue, 30 Oct 2018 13:03:11 test.py[line:44] DEBUG Testing 1 of 334
Tue, 30 Oct 2018 13:03:19 test.py[line:44] DEBUG Testing 11 of 334
Tue, 30 Oct 2018 13:03:26 test.py[line:44] DEBUG Testing 21 of 334
Tue, 30 Oct 2018 13:03:33 test.py[line:44] DEBUG Testing 31 of 334
Tue, 30 Oct 2018 13:03:40 test.py[line:44] DEBUG Testing 41 of 334
Tue, 30 Oct 2018 13:03:47 test.py[line:44] DEBUG Testing 51 of 334
Tue, 30 Oct 2018 13:03:53 test.py[line:44] DEBUG Testing 61 of 334
Tue, 30 Oct 2018 13:04:00 test.py[line:44] DEBUG Testing 71 of 334
Tue, 30 Oct 2018 13:04:07 test.py[line:44] DEBUG Testing 81 of 334
Tue, 30 Oct 2018 13:04:14 test.py[line:44] DEBUG Testing 91 of 334
Tue, 30 Oct 2018 13:04:21 test.py[line:44] DEBUG Testing 101 of 334
Tue, 30 Oct 2018 13:04:28 test.py[line:44] DEBUG Testing 111 of 334
Tue, 30 Oct 2018 13:04:35 test.py[line:44] DEBUG Testing 121 of 334
Tue, 30 Oct 2018 13:04:42 test.py[line:44] DEBUG Testing 131 of 334
Tue, 30 Oct 2018 13:04:49 test.py[line:44] DEBUG Testing 141 of 334
Tue, 30 Oct 2018 13:04:56 test.py[line:44] DEBUG Testing 151 of 334
Tue, 30 Oct 2018 13:05:03 test.py[line:44] DEBUG Testing 161 of 334
Tue, 30 Oct 2018 13:05:10 test.py[line:44] DEBUG Testing 171 of 334
Tue, 30 Oct 2018 13:05:17 test.py[line:44] DEBUG Testing 181 of 334
Tue, 30 Oct 2018 13:05:24 test.py[line:44] DEBUG Testing 191 of 334
Tue, 30 Oct 2018 13:05:31 test.py[line:44] DEBUG Testing 201 of 334
Tue, 30 Oct 2018 13:05:38 test.py[line:44] DEBUG Testing 211 of 334
Tue, 30 Oct 2018 13:05:45 test.py[line:44] DEBUG Testing 221 of 334
Tue, 30 Oct 2018 13:05:52 test.py[line:44] DEBUG Testing 231 of 334
Tue, 30 Oct 2018 13:05:59 test.py[line:44] DEBUG Testing 241 of 334
Tue, 30 Oct 2018 13:06:06 test.py[line:44] DEBUG Testing 251 of 334
Tue, 30 Oct 2018 13:06:13 test.py[line:44] DEBUG Testing 261 of 334
Tue, 30 Oct 2018 13:06:20 test.py[line:44] DEBUG Testing 271 of 334
Tue, 30 Oct 2018 13:06:27 test.py[line:44] DEBUG Testing 281 of 334
Tue, 30 Oct 2018 13:06:34 test.py[line:44] DEBUG Testing 291 of 334
Tue, 30 Oct 2018 13:06:41 test.py[line:44] DEBUG Testing 301 of 334
Tue, 30 Oct 2018 13:06:48 test.py[line:44] DEBUG Testing 311 of 334
Tue, 30 Oct 2018 13:06:55 test.py[line:44] DEBUG Testing 321 of 334
Tue, 30 Oct 2018 13:07:02 test.py[line:44] DEBUG Testing 331 of 334
Tue, 30 Oct 2018 13:07:05 test.py[line:53] DEBUG Test accuracy is 0.70689
